// Jest Snapshot v1, https://goo.gl/fbAQLP

exports[`unit components Ten draw 1`] = `
<div
  class="container fill-height k-ten flex-column align-center container--fluid"
>
  <div
    class="mb-10 v-card v-sheet theme--light elevation-12"
    style="max-width: 350px; width: 100%;"
  >
    <div
      class="d-flex flex-wrap mt-2 justify-space-around"
    >
      <span
        class="v-badge k-badge-event-handler theme--light"
        title="Бобров Вячеслав Кудрявцевa"
      >
         
        <span
          class="v-badge mb-2 v-badge--bottom theme--light"
        >
          <div
            class="v-avatar"
            style="height: 64px; min-width: 64px; width: 64px;"
          >
            <img
              src="/avatar.png"
              style="object-fit: cover;"
            />
          </div>
          <span
            class="v-badge__wrapper"
          >
            <span
              aria-atomic="true"
              aria-label="знак"
              aria-live="polite"
              class="v-badge__badge orange"
              role="status"
            >
              1
            </span>
          </span>
        </span>
        <span
          class="v-badge__wrapper"
        >
          <span
            aria-atomic="true"
            aria-label="знак"
            aria-live="polite"
            class="v-badge__badge red"
            role="status"
            title="Бобров Вячеслав Кудрявцевa"
          >
            <div
              style="cursor: pointer;"
            >
              x
            </div>
          </span>
        </span>
      </span>
      <div
        class="v-avatar mb-2"
        style="height: 64px; min-width: 64px; width: 64px;"
      >
        <i
          aria-hidden="true"
          class="v-icon notranslate mdi mdi-account theme--light"
          style="font-size: 64px;"
        />
      </div>
      <div
        class="v-avatar mb-2"
        style="height: 64px; min-width: 64px; width: 64px;"
      >
        <i
          aria-hidden="true"
          class="v-icon notranslate mdi mdi-account theme--light"
          style="font-size: 64px;"
        />
      </div>
      <div
        class="v-avatar mb-2"
        style="height: 64px; min-width: 64px; width: 64px;"
      >
        <i
          aria-hidden="true"
          class="v-icon notranslate mdi mdi-account theme--light"
          style="font-size: 64px;"
        />
      </div>
      <div
        class="v-avatar mb-2"
        style="height: 64px; min-width: 64px; width: 64px;"
      >
        <i
          aria-hidden="true"
          class="v-icon notranslate mdi mdi-account theme--light"
          style="font-size: 64px;"
        />
      </div>
      <div
        class="v-avatar mb-2"
        style="height: 64px; min-width: 64px; width: 64px;"
      >
        <i
          aria-hidden="true"
          class="v-icon notranslate mdi mdi-account theme--light"
          style="font-size: 64px;"
        />
      </div>
      <div
        class="v-avatar mb-2"
        style="height: 64px; min-width: 64px; width: 64px;"
      >
        <i
          aria-hidden="true"
          class="v-icon notranslate mdi mdi-account theme--light"
          style="font-size: 64px;"
        />
      </div>
      <div
        class="v-avatar mb-2"
        style="height: 64px; min-width: 64px; width: 64px;"
      >
        <i
          aria-hidden="true"
          class="v-icon notranslate mdi mdi-account theme--light"
          style="font-size: 64px;"
        />
      </div>
      <div
        class="v-avatar mb-2"
        style="height: 64px; min-width: 64px; width: 64px;"
      >
        <i
          aria-hidden="true"
          class="v-icon notranslate mdi mdi-account theme--light"
          style="font-size: 64px;"
        />
      </div>
      <div
        class="v-avatar mb-2"
        style="height: 64px; min-width: 64px; width: 64px;"
      >
        <i
          aria-hidden="true"
          class="v-icon notranslate mdi mdi-account theme--light"
          style="font-size: 64px;"
        />
      </div>
    </div>
  </div>
   
  <div
    class="mx-auto"
    style="width: 100%; max-width: 350px; position: relative;"
  >
    <div
      class="mb-10 list-complete-item v-card v-sheet theme--light elevation-12"
      style="width: 100%;"
    >
      <!---->
       
      <hr
        aria-orientation="horizontal"
        class="v-divider theme--light"
        role="separator"
      />
       
      <div
        class="v-card__actions"
      >
        <button
          class="flex v-btn v-btn--contained theme--light v-size--default success"
          type="button"
        >
          <span
            class="v-btn__content"
          >
            
                    Принять в десятку
                
          </span>
        </button>
         
        <button
          class="flex v-btn v-btn--contained theme--light v-size--default error"
          type="button"
        >
          <span
            class="v-btn__content"
          >
            
                    Отклонить
                
          </span>
        </button>
      </div>
    </div>
    <div
      class="mb-10 list-complete-item v-card v-sheet theme--light elevation-12"
      style="width: 100%;"
    >
      <!---->
       
      <hr
        aria-orientation="horizontal"
        class="v-divider theme--light"
        role="separator"
      />
       
      <div
        class="v-card__actions"
      >
        <button
          class="flex v-btn v-btn--contained theme--light v-size--default success"
          type="button"
        >
          <span
            class="v-btn__content"
          >
            
                    Принять в десятку
                
          </span>
        </button>
         
        <button
          class="flex v-btn v-btn--contained theme--light v-size--default error"
          type="button"
        >
          <span
            class="v-btn__content"
          >
            
                    Отклонить
                
          </span>
        </button>
      </div>
    </div>
    <div
      class="mb-10 list-complete-item v-card v-sheet theme--light elevation-12"
      style="width: 100%;"
    >
      <!---->
       
      <hr
        aria-orientation="horizontal"
        class="v-divider theme--light"
        role="separator"
      />
       
      <div
        class="v-card__actions"
      >
        <button
          class="flex v-btn v-btn--contained theme--light v-size--default success"
          type="button"
        >
          <span
            class="v-btn__content"
          >
            
                    Принять в десятку
                
          </span>
        </button>
         
        <button
          class="flex v-btn v-btn--contained theme--light v-size--default error"
          type="button"
        >
          <span
            class="v-btn__content"
          >
            
                    Отклонить
                
          </span>
        </button>
      </div>
    </div>
  </div>
</div>
`;
